// Jest Snapshot v1, https://goo.gl/fbAQLP

exports[`Intro - unit renders correctly 1`] = `ShallowWrapper {}`;
